﻿[dotenv@17.2.3] injecting env (27) from .env -- tip: ΓÜÖ∩╕Å  load multiple .env files with { path: ['.env.local', '.env'] }
Key: EZAK5f3bffc8d9c54d0885a142461c68760e83cdU6COZiQmUyiPKO4cMw
From Address created adr_70354198321311f183e80022480c5359
To Address created adr_70b14047321311f19cb30022480b361d
Parcel created prcl_a7bfab4d055841618364fba84ea09eba
Shipment created shp_79b657f007224058b5e331a4fd333a7f
Rates returned: 0
Messages from EasyPost: [
  l {
    type: 'rate_error',
    carrier: 'USPS',
    message: 'Unable to retrieve USPS rates without a valid origin zip code.',
    _params: { shipment: [Object] }
  },
  l {
    carrier: 'CanadaPost',
    carrier_account_id: 'ca_e3cbd16a6eb84914985d90875a6ec074',
    type: 'rate_error',
    message: "['Unable to get rates for shipments originating outside of Canada.']",
    _params: { shipment: [Object] }
  },
  l {
    carrier: 'DhlEcs',
    carrier_account_id: 'ca_3993558c0f42457c89e5b38ca110964a',
    type: 'rate_error',
    message: 'shipment.from_address.zip of: 0S5 currently not supported.',
    _params: { shipment: [Object] }
  },
  l {
    carrier: 'DHLExpress',
    carrier_account_id: 'ca_fb3ad562209b4e7d930bd0f31f44f2fe',
    type: 'rate_error',
    message: 'This DHL account is owned by EasyPost and does not support non-US origin shipments. Please link your DHL Express account to continue with the shipment ',
    _params: { shipment: [Object] }
  },
  l {
    carrier: 'USAExportPBA',
    carrier_account_id: 'ca_0199b92d0b004f92bc61e272372e5498',
    type: 'rate_error',
    message: "shipment: ['shipment.from_address.country: This carrier only support shipments from US origins to international destinations.']",
    _params: { shipment: [Object] }
  },
  l {
    carrier: 'UPSDAP',
    carrier_account_id: 'ca_c5f03a14c10d4fbab837e8a35b01c7df',
    type: 'rate_error',
    message: 'State code must be a 2-letter code for US addresses.',
    _params: { shipment: [Object] }
  },
  l {
    carrier: 'FedExDefault',
    carrier_account_id: 'ca_76d0939dc1ce4c99870bbc2844d8d02b',
    type: 'rate_error',
    message: 'shipment.from_address: Invalid zip code provided. and shipment.return_address: Invalid zip code provided.',
    _params: { shipment: [Object] }
  }
]
